[INFO] Scanning for projects...
[INFO] 
[INFO] --------------------------< com.Martin:SaaS >---------------------------
[INFO] Building SaaS 0.0.1-SNAPSHOT
[INFO]   from pom.xml
[INFO] --------------------------------[ jar ]---------------------------------
[INFO] 
[INFO] --- resources:3.3.1:resources (default-resources) @ SaaS ---
[INFO] Copying 1 resource from src\main\resources to target\classes
[INFO] Copying 0 resource from src\main\resources to target\classes
[INFO] 
[INFO] --- compiler:3.13.0:compile (default-compile) @ SaaS ---
[INFO] Recompiling the module because of changed source code.
[INFO] Compiling 43 source files with javac [debug parameters release 21] to target\classes
[INFO] /C:/Users/juanx/Desktop/SpringBoot/SaaS/SaaS/src/main/java/com/Martin/SaaS/service/AuditService.java: C:\Users\juanx\Desktop\SpringBoot\SaaS\SaaS\src\main\java\com\Martin\SaaS\service\AuditService.java uses unchecked or unsafe operations.
[INFO] /C:/Users/juanx/Desktop/SpringBoot/SaaS/SaaS/src/main/java/com/Martin/SaaS/service/AuditService.java: Recompile with -Xlint:unchecked for details.
[INFO] 
[INFO] --- resources:3.3.1:testResources (default-testResources) @ SaaS ---
[INFO] skip non existing resourceDirectory C:\Users\juanx\Desktop\SpringBoot\SaaS\SaaS\src\test\resources
[INFO] 
[INFO] --- compiler:3.13.0:testCompile (default-testCompile) @ SaaS ---
[INFO] Recompiling the module because of changed dependency.
[INFO] Compiling 5 source files with javac [debug parameters release 21] to target\test-classes
[INFO] -------------------------------------------------------------
[ERROR] COMPILATION ERROR : 
[INFO] -------------------------------------------------------------
[ERROR] /C:/Users/juanx/Desktop/SpringBoot/SaaS/SaaS/src/test/java/com/Martin/SaaS/service/SuscripcionServiceTest.java:[144,67] cannot find symbol
  symbol:   variable EstadoFactura
  location: class com.Martin.SaaS.service.SuscripcionServiceTest
[ERROR] /C:/Users/juanx/Desktop/SpringBoot/SaaS/SaaS/src/test/java/com/Martin/SaaS/service/SuscripcionServiceTest.java:[150,30] cannot find symbol
  symbol:   variable EstadoFactura
  location: class com.Martin.SaaS.service.SuscripcionServiceTest
[INFO] 2 errors 
[INFO] -------------------------------------------------------------
[INFO] ------------------------------------------------------------------------
[INFO] BUILD FAILURE
[INFO] ------------------------------------------------------------------------
[INFO] Total time:  7.271 s
[INFO] Finished at: 2026-02-16T20:26:00+01:00
[INFO] ------------------------------------------------------------------------
[ERROR] Failed to execute goal org.apache.maven.plugins:maven-compiler-plugin:3.13.0:testCompile (default-testCompile) on project SaaS: Compilation failure: Compilation failure: 
[ERROR] /C:/Users/juanx/Desktop/SpringBoot/SaaS/SaaS/src/test/java/com/Martin/SaaS/service/SuscripcionServiceTest.java:[144,67] cannot find symbol
[ERROR]   symbol:   variable EstadoFactura
[ERROR]   location: class com.Martin.SaaS.service.SuscripcionServiceTest
[ERROR] /C:/Users/juanx/Desktop/SpringBoot/SaaS/SaaS/src/test/java/com/Martin/SaaS/service/SuscripcionServiceTest.java:[150,30] cannot find symbol
[ERROR]   symbol:   variable EstadoFactura
[ERROR]   location: class com.Martin.SaaS.service.SuscripcionServiceTest
[ERROR] -> [Help 1]
[ERROR] 
[ERROR] To see the full stack trace of the errors, re-run Maven with the -e switch.
[ERROR] Re-run Maven using the -X switch to enable full debug logging.
[ERROR] 
[ERROR] For more information about the errors and possible solutions, please read the following articles:
[ERROR] [Help 1] http://cwiki.apache.org/confluence/display/MAVEN/MojoFailureException
